// Jest Snapshot v1, https://goo.gl/fbAQLP

exports[`Select Component matches snapshot 1`] = `
<DocumentFragment>
  <div
    class="rad-ui-select-root"
  >
    <button
      aria-expanded="false"
      aria-haspopup="listbox"
      class="rad-ui-select-trigger"
      role="combobox"
      type="button"
    >
      Trigger
    </button>
  </div>
</DocumentFragment>
`;
